- Deal with enum definitions, which can be use directly in switch cases -> DocModel.fan
- Deal with FFI types properly (test) -> JavaReflect.fan
- Nullable isssues: ExprTest.fan
- Can't call closure on null -> closure call issues /home/thibautc/fantom-1.0.52/src/flux/fluxText/fan/Parser.fan
- Duplicated variable in scope: i   FCodePrinter
- itBlock closures issues: /home/thibautc/fantom-1.0.52/src/testCompiler/fan/NamespaceTest.fan
- Couldn't resolve formal definition Border.fan

Error: DefaultError[Could not resolve item -> output, Syntax Error, ERROR]
Error: DefaultError[Could not resolve item -> targetType, Syntax Error, ERROR]
Error: DefaultError[Could not resolve item -> srcDirs, Syntax Error, ERROR]
Error: DefaultError[Could not resolve item -> libs, Syntax Error, ERROR]
!! Semantic errors in /home/thibautc/fantom-1.0.52/src/sys/dotnet/build.fan (Infos: ) -> FAILED !!
Error: DefaultError[Could not resolve item -> podName, Syntax Error, ERROR]
Error: DefaultError[Could not resolve item -> summary, Syntax Error, ERROR]
Error: DefaultError[Could not resolve item -> srcDirs, Syntax Error, ERROR]
Error: DefaultError[Could not resolve item -> resDirs, Syntax Error, ERROR]
Error: DefaultError[Could not resolve item -> docSrc, Syntax Error, ERROR]
Error: DefaultError[Could not resolve item -> outDir, Syntax Error, ERROR]
Error: DefaultError[Could not resolve item -> index, Syntax Error, ERROR]
!! Semantic errors in /home/thibautc/fantom-1.0.52/src/sys/build.fan (Infos: ) -> FAILED !!
Error: DefaultError[Can't call closure on null.Matcher, Syntax Error, ERROR]
Error: DefaultError[Can't call closure on null.Matcher, Syntax Error, ERROR]
Error: DefaultError[Can't call closure on null.Matcher, Syntax Error, ERROR]
Error: DefaultError[Can't call closure on null.Matcher, Syntax Error, ERROR]
Error: DefaultError[Can't call closure on null.Matcher, Syntax Error, ERROR]
Error: DefaultError[Can't call closure on null.Matcher, Syntax Error, ERROR]
Error: DefaultError[Can't call closure on null.Matcher, Syntax Error, ERROR]
Error: DefaultError[Can't call closure on null.Matcher, Syntax Error, ERROR]
Error: DefaultError[Can't call closure on null.Matcher, Syntax Error, ERROR]
Error: DefaultError[Can't call closure on null.Matcher, Syntax Error, ERROR]
Error: DefaultError[Can't call closure on null.Matcher, Syntax Error, ERROR]
Error: DefaultError[Can't call closure on null.Matcher, Syntax Error, ERROR]
Error: DefaultError[Null check call on non-nullable: fluxText::Matcher[] r:true s:false n:false, Syntax Error, ERROR]
!! Semantic errors in /home/thibautc/fantom-1.0.52/src/flux/fluxText/fan/Parser.fan (Infos: ) -> FAILED !!
Error: DefaultError[Can't call closure on null.Actor, Syntax Error, ERROR]
Error: DefaultError[Can't call closure on null.Actor, Syntax Error, ERROR]
!! Semantic errors in /home/thibautc/fantom-1.0.52/src/flux/flux/fan/sidebars/Console.fan (Infos: ) -> FAILED !!
Error: DefaultError[Null check call on non-nullable: flux::Commands r:true s:false n:false, Syntax Error, ERROR]
!! Semantic errors in /home/thibautc/fantom-1.0.52/src/flux/flux/fan/View.fan (Infos: ) -> FAILED !!
Error: DefaultError[Could not resolve item -> widget, Syntax Error, ERROR]
Error: DefaultError[Could not resolve item -> .widget, Syntax Error, ERROR]
Error: DefaultError[Can't call closure on null.HistoryPicker, Syntax Error, ERROR]
Error: DefaultError[Can't call closure on null.HistoryPicker, Syntax Error, ERROR]
!! Semantic errors in /home/thibautc/fantom-1.0.52/src/flux/flux/fan/Commands.fan (Infos: ) -> FAILED !!
Error: DefaultError[Could not resolve item -> upperRoman, Syntax Error, ERROR]
Error: DefaultError[Could not resolve item -> lowerRoman, Syntax Error, ERROR]
Error: DefaultError[Could not resolve item -> upperAlpha, Syntax Error, ERROR]
Error: DefaultError[Could not resolve item -> lowerAlpha, Syntax Error, ERROR]
Error: DefaultError[Could not resolve item -> number, Syntax Error, ERROR]
Error: DefaultError[Could not resolve item -> number, Syntax Error, ERROR]
Error: DefaultError[Could not resolve item -> upperAlpha, Syntax Error, ERROR]
Error: DefaultError[Could not resolve item -> lowerAlpha, Syntax Error, ERROR]
Error: DefaultError[Could not resolve item -> upperRoman, Syntax Error, ERROR]
Error: DefaultError[Could not resolve item -> lowerRoman, Syntax Error, ERROR]
!! Semantic errors in /home/thibautc/fantom-1.0.52/src/fandoc/fan/DocModel.fan (Infos: ) -> FAILED !!
Error: DefaultError[Could not resolve item -> parse(args[0], File(args[0].toUri).in), Syntax Error, ERROR]
Error: DefaultError[Could not resolve item -> h1, Syntax Error, ERROR]
Error: DefaultError[Could not resolve item -> h2, Syntax Error, ERROR]
Error: DefaultError[Could not resolve item -> h3, Syntax Error, ERROR]
!! Semantic errors in /home/thibautc/fantom-1.0.52/src/fandoc/fan/FandocParser.fan (Infos: ) -> FAILED !!
Error: DefaultError[Could not resolve item -> encode, Syntax Error, ERROR]
Error: DefaultError[Could not resolve item -> .encode, Syntax Error, ERROR]
!! Semantic errors in /home/thibautc/fantom-1.0.52/src/obix/fan/Contract.fan (Infos: ) -> FAILED !!
Error: DefaultError[Could not resolve item -> contains(name), Syntax Error, ERROR]
Error: DefaultError[Could not resolve item -> keys, Syntax Error, ERROR]
Error: DefaultError[Could not resolve item -> .keys, Syntax Error, ERROR]
!! Semantic errors in /home/thibautc/fantom-1.0.52/src/compilerJava/fan/ClassPath.fan (Infos: ) -> FAILED !!
Error: DefaultError[Unresolved Java package: fanx.util, Syntax Error, ERROR]
Error: DefaultError[Could not resolve item -> FanUtil, Syntax Error, ERROR]
Error: DefaultError[Could not resolve item -> getModifiers, Syntax Error, ERROR]
Error: DefaultError[Could not resolve item -> isPublic(mods), Syntax Error, ERROR]
Error: DefaultError[Could not resolve item -> isProtected(mods), Syntax Error, ERROR]
Error: DefaultError[Could not resolve item -> getName, Syntax Error, ERROR]
Error: DefaultError[Could not resolve item -> getType, Syntax Error, ERROR]
Error: DefaultError[Could not resolve item -> FanUtil, Syntax Error, ERROR]
Error: DefaultError[Could not resolve item -> getModifiers, Syntax Error, ERROR]
Error: DefaultError[Could not resolve item -> isPublic(mods), Syntax Error, ERROR]
Error: DefaultError[Could not resolve item -> isProtected(mods), Syntax Error, ERROR]
Error: DefaultError[Could not resolve item -> getParameterTypes, Syntax Error, ERROR]
Error: DefaultError[Could not resolve item -> isPrimitive, Syntax Error, ERROR]
Error: DefaultError[Could not resolve item -> getName, Syntax Error, ERROR]
Error: DefaultError[Could not resolve item -> toStr, Syntax Error, ERROR]
Error: DefaultError[Could not resolve item -> isArray, Syntax Error, ERROR]
Error: DefaultError[Could not resolve item -> getComponentType, Syntax Error, ERROR]
Error: DefaultError[Could not resolve item -> getName, Syntax Error, ERROR]
Error: DefaultError[Could not resolve item -> getName, Syntax Error, ERROR]
Error: DefaultError[Could not resolve item -> getName, Syntax Error, ERROR]
Error: DefaultError[Could not resolve item -> getPackage, Syntax Error, ERROR]
Error: DefaultError[Could not resolve item -> getName, Syntax Error, ERROR]
Error: DefaultError[Could not resolve item -> getFields, Syntax Error, ERROR]
Error: DefaultError[Could not resolve item -> getDeclaredFields, Syntax Error, ERROR]
Error: DefaultError[Could not resolve item -> getSuperclass, Syntax Error, ERROR]
Error: DefaultError[Could not resolve item -> values, Syntax Error, ERROR]
Error: DefaultError[Could not resolve item -> getModifiers, Syntax Error, ERROR]
Error: DefaultError[Could not resolve item -> isPublic(mods), Syntax Error, ERROR]
Error: DefaultError[Could not resolve item -> isProtected(mods), Syntax Error, ERROR]
Error: DefaultError[Could not resolve item -> getName, Syntax Error, ERROR]
Error: DefaultError[Could not resolve item -> getReturnType, Syntax Error, ERROR]
Error: DefaultError[Could not resolve item -> getParameterTypes, Syntax Error, ERROR]
Error: DefaultError[Could not resolve item -> forName(t.toJavaClassName), Syntax Error, ERROR]
Error: DefaultError[Could not resolve item -> getSuperclass, Syntax Error, ERROR]
Error: DefaultError[Could not resolve item -> getSuperclass, Syntax Error, ERROR]
Error: DefaultError[Could not resolve item -> getInterfaces, Syntax Error, ERROR]
Error: DefaultError[Could not resolve item -> getModifiers, Syntax Error, ERROR]
Error: DefaultError[Could not resolve item -> getDeclaredConstructors, Syntax Error, ERROR]
Error: DefaultError[Could not resolve item -> getMethods, Syntax Error, ERROR]
Error: DefaultError[Could not resolve item -> getDeclaredMethods, Syntax Error, ERROR]
Error: DefaultError[Could not resolve item -> getSuperclass, Syntax Error, ERROR]
Error: DefaultError[Could not resolve item -> values, Syntax Error, ERROR]
!! Semantic errors in /home/thibautc/fantom-1.0.52/src/compilerJava/fan/JavaReflect.fan (Infos: ) -> FAILED !!
Error: DefaultError[Unexpected Parsing error: java.lang.IndexOutOfBoundsException: Index: 0, Size: 0, Syntax Error, ERROR]
Error: DefaultError[Could not resolve item -> super, Syntax Error, ERROR]
!! Semantic errors in /home/thibautc/fantom-1.0.52/src/compilerJava/fan/JavaType.fan (Infos: ) -> FAILED !!
Error: DefaultError[Could not resolve item -> in, Syntax Error, ERROR]
Error: DefaultError[Could not resolve item -> .in, Syntax Error, ERROR]
!! Semantic errors in /home/thibautc/fantom-1.0.52/src/util/test/JsonTest.fan (Infos: ) -> FAILED !!
Error: DefaultError[Could not resolve item -> trim, Syntax Error, ERROR]
Error: DefaultError[Could not resolve item -> .trim, Syntax Error, ERROR]
Error: DefaultError[Could not resolve item -> delimiter, Syntax Error, ERROR]
Error: DefaultError[Could not resolve item -> .delimiter, Syntax Error, ERROR]
Error: DefaultError[Could not resolve item -> delimiter, Syntax Error, ERROR]
Error: DefaultError[Could not resolve item -> .delimiter, Syntax Error, ERROR]
!! Semantic errors in /home/thibautc/fantom-1.0.52/src/util/test/CsvTest.fan (Infos: ) -> FAILED !!
Error: DefaultError[Could not resolve item -> type, Syntax Error, ERROR]
!! Semantic errors in /home/thibautc/fantom-1.0.52/src/util/fan/AbstractMain.fan (Infos: ) -> FAILED !!
Error: DefaultError[Can't call closure on null.Actor, Syntax Error, ERROR]
!! Semantic errors in /home/thibautc/fantom-1.0.52/src/inet/test/TcpListenerTest.fan (Infos: ) -> FAILED !!
Error: DefaultError[Can't call closure on null.Actor, Syntax Error, ERROR]
!! Semantic errors in /home/thibautc/fantom-1.0.52/src/inet/test/UdpSocketTest.fan (Infos: ) -> FAILED !!
Error: DefaultError[Could not resolve item -> abs, Syntax Error, ERROR]
Error: DefaultError[Could not resolve item -> .abs, Syntax Error, ERROR]
!! Semantic errors in /home/thibautc/fantom-1.0.52/src/compilerJs/fan/runner/Dump.fan (Infos: ) -> FAILED !!
Error: DefaultError[Could not resolve item -> engine, Syntax Error, ERROR]
Error: DefaultError[Could not resolve item -> engine, Syntax Error, ERROR]
Error: DefaultError[Could not resolve item -> engine, Syntax Error, ERROR]
Error: DefaultError[Could not resolve item -> engine, Syntax Error, ERROR]
!! Semantic errors in /home/thibautc/fantom-1.0.52/src/compilerJs/fan/runner/TestRunner.fan (Infos: ) -> FAILED !!
Error: DefaultError[Could not resolve item -> engine, Syntax Error, ERROR]
Error: DefaultError[Could not resolve item -> engine, Syntax Error, ERROR]
!! Semantic errors in /home/thibautc/fantom-1.0.52/src/compilerJs/fan/runner/Runner.fan (Infos: ) -> FAILED !!
Error: DefaultError[Unexpected Parsing error: java.lang.IndexOutOfBoundsException: Index: 0, Size: 0, Syntax Error, ERROR]
Error: DefaultError[Could not resolve item -> super, Syntax Error, ERROR]
!! Semantic errors in /home/thibautc/fantom-1.0.52/src/compilerJs/fan/ast/JsMethod.fan (Infos: ) -> FAILED !!
Error: DefaultError[Null check call on non-nullable: sys::File r:true s:false n:false, Syntax Error, ERROR]
!! Semantic errors in /home/thibautc/fantom-1.0.52/src/compilerJs/fan/ast/JsPod.fan (Infos: ) -> FAILED !!
Error: DefaultError[Can't call closure on null.times, Syntax Error, ERROR]
Error: DefaultError[Could not resolve item -> times |Int b| { test.verifyEq(in.read, b); }, Syntax Error, ERROR]
Error: DefaultError[Could not resolve item -> .times |Int b| { test.verifyEq(in.read, b); }, Syntax Error, ERROR]
Error: DefaultError[Can't call closure on null.times, Syntax Error, ERROR]
Error: DefaultError[Could not resolve item -> times |Int b| { out.write(b); }, Syntax Error, ERROR]
Error: DefaultError[Could not resolve item -> .times |Int b| { out.write(b); }, Syntax Error, ERROR]
!! Semantic errors in /home/thibautc/fantom-1.0.52/src/testSys/fan/StreamTest.fan (Infos: ) -> FAILED !!
Error: DefaultError[Could not resolve item -> isRO, Syntax Error, ERROR]
Error: DefaultError[Could not resolve item -> .isRO, Syntax Error, ERROR]
!! Semantic errors in /home/thibautc/fantom-1.0.52/src/testSys/fan/ListTest.fan (Infos: ) -> FAILED !!
Error: DefaultError[Could not resolve item -> 0..1, Syntax Error, ERROR]
Error: DefaultError[Could not resolve item -> 0..-1, Syntax Error, ERROR]
Error: DefaultError[Could not resolve item -> 0..1, Syntax Error, ERROR]
Error: DefaultError[Could not resolve item -> -1..0, Syntax Error, ERROR]
!! Semantic errors in /home/thibautc/fantom-1.0.52/src/testSys/fan/RangeTest.fan (Infos: ) -> FAILED !!
Error: DefaultError[Could not resolve item -> and(0x0f), Syntax Error, ERROR]
Error: DefaultError[Could not resolve item -> .and(0x0f), Syntax Error, ERROR]
Error: DefaultError[Could not resolve item -> xor(0x17), Syntax Error, ERROR]
Error: DefaultError[Could not resolve item -> .xor(0x17), Syntax Error, ERROR]
Error: DefaultError[Could not resolve item -> shiftl(4), Syntax Error, ERROR]
Error: DefaultError[Could not resolve item -> .shiftl(4), Syntax Error, ERROR]
Error: DefaultError[Could not resolve item -> or(0xff000000), Syntax Error, ERROR]
Error: DefaultError[Could not resolve item -> .or(0xff000000), Syntax Error, ERROR]
Error: DefaultError[Could not resolve item -> toHex, Syntax Error, ERROR]
Error: DefaultError[Could not resolve item -> .toHex, Syntax Error, ERROR]
Error: DefaultError[Could not resolve item -> toHex(18), Syntax Error, ERROR]
Error: DefaultError[Could not resolve item -> .toHex(18), Syntax Error, ERROR]
!! Semantic errors in /home/thibautc/fantom-1.0.52/src/testSys/fan/IntTest.fan (Infos: ) -> FAILED !!
Error: DefaultError[Can't call closure on null.Actor, Syntax Error, ERROR]
Error: DefaultError[Can't call closure on null.Actor, Syntax Error, ERROR]
Error: DefaultError[Can't call closure on null.Actor, Syntax Error, ERROR]
!! Semantic errors in /home/thibautc/fantom-1.0.52/src/testSys/fan/ActorTest.fan (Infos: ) -> FAILED !!
Error: DefaultError[Could not resolve item -> x, Syntax Error, ERROR]
Error: DefaultError[Could not resolve item -> .x, Syntax Error, ERROR]
!! Semantic errors in /home/thibautc/fantom-1.0.52/src/testSys/fan/ClosureTest.fan (Infos: ) -> FAILED !!
Error: DefaultError[Could not resolve item -> isRO, Syntax Error, ERROR]
Error: DefaultError[Could not resolve item -> .isRO, Syntax Error, ERROR]
Error: DefaultError[More inferred formals than expected., Syntax Error, ERROR]
Error: DefaultError[Couldn't resolve formal definition: |k| {"_${k}_"}, Syntax Error, ERROR]
!! Semantic errors in /home/thibautc/fantom-1.0.52/src/testSys/fan/MapTest.fan (Infos: ) -> FAILED !!
Error: DefaultError[Could not resolve item -> matcher("aaaa"), Syntax Error, ERROR]
Error: DefaultError[Could not resolve item -> .matcher("aaaa"), Syntax Error, ERROR]
Error: DefaultError[Could not resolve item -> matcher("abcd"), Syntax Error, ERROR]
Error: DefaultError[Could not resolve item -> .matcher("abcd"), Syntax Error, ERROR]
Error: DefaultError[Could not resolve item -> matcher(qbf), Syntax Error, ERROR]
Error: DefaultError[Could not resolve item -> .matcher(qbf), Syntax Error, ERROR]
Error: DefaultError[Could not resolve item -> matcher(str), Syntax Error, ERROR]
Error: DefaultError[Could not resolve item -> .matcher(str), Syntax Error, ERROR]
Error: DefaultError[Could not resolve item -> matcher("abcd"), Syntax Error, ERROR]
Error: DefaultError[Could not resolve item -> .matcher("abcd"), Syntax Error, ERROR]
Error: DefaultError[Could not resolve item -> matcher("abcdbabc"), Syntax Error, ERROR]
Error: DefaultError[Could not resolve item -> .matcher("abcdbabc"), Syntax Error, ERROR]
Error: DefaultError[Could not resolve item -> matcher("[.]trn"), Syntax Error, ERROR]
Error: DefaultError[Could not resolve item -> .matcher("[.]trn"), Syntax Error, ERROR]
Error: DefaultError[Could not resolve item -> matcher("X"), Syntax Error, ERROR]
Error: DefaultError[Could not resolve item -> .matcher("X"), Syntax Error, ERROR]
Error: DefaultError[Could not resolve item -> matcher("aaaa"), Syntax Error, ERROR]
Error: DefaultError[Could not resolve item -> .matcher("aaaa"), Syntax Error, ERROR]
Error: DefaultError[Could not resolve item -> matcher("aaaa"), Syntax Error, ERROR]
Error: DefaultError[Could not resolve item -> .matcher("aaaa"), Syntax Error, ERROR]
!! Semantic errors in /home/thibautc/fantom-1.0.52/src/testSys/fan/RegexTest.fan (Infos: ) -> FAILED !!
Error: DefaultError[Closure call, but not expecting a function at parameter 1 in sys::Func.call, Syntax Error, ERROR]
Error: DefaultError[Closure call, but not expecting a function at parameter 2 in sys::Func.call, Syntax Error, ERROR]
Error: DefaultError[Could not resolve item -> #vals, Syntax Error, ERROR]
!! Semantic errors in /home/thibautc/fantom-1.0.52/src/testSys/fan/ParserTotureTest.fan (Infos: ) -> FAILED !!
Error: DefaultError[More inferred formals than expected., Syntax Error, ERROR]
Error: DefaultError[Couldn't resolve formal definition: |out| { out.print("x\u0abc\n") }, Syntax Error, ERROR]
Error: DefaultError[Could not resolve item -> out, Syntax Error, ERROR]
Error: DefaultError[More inferred formals than expected., Syntax Error, ERROR]
Error: DefaultError[Couldn't resolve formal definition: |out| { out.printLine("x\u0abc") }, Syntax Error, ERROR]
Error: DefaultError[Could not resolve item -> out, Syntax Error, ERROR]
Error: DefaultError[More inferred formals than expected., Syntax Error, ERROR]
Error: DefaultError[Couldn't resolve formal definition: |out| { out.writeChar('x').writeChar('\u0abc').writeChar('\n') }, Syntax Error, ERROR]
Error: DefaultError[Could not resolve item -> out, Syntax Error, ERROR]
Error: DefaultError[More inferred formals than expected., Syntax Error, ERROR]
Error: DefaultError[Couldn't resolve formal definition: |out| { out.writeChars("x\u0abc\n") }, Syntax Error, ERROR]
Error: DefaultError[Could not resolve item -> out, Syntax Error, ERROR]
Error: DefaultError[More inferred formals than expected., Syntax Error, ERROR]
Error: DefaultError[Couldn't resolve formal definition: |out| { out.writeXml("<foo>") }, Syntax Error, ERROR]
Error: DefaultError[Could not resolve item -> out, Syntax Error, ERROR]
!! Semantic errors in /home/thibautc/fantom-1.0.52/src/testSys/fan/StrBufTest.fan (Infos: ) -> FAILED !!
Error: DefaultError[Null check call on non-nullable: sys::Str r:true s:false n:false, Syntax Error, ERROR]
Error: DefaultError[Null check call on non-nullable: sys::Str r:true s:false n:false, Syntax Error, ERROR]
Error: DefaultError[Null check call on non-nullable: sys::Str r:true s:false n:false, Syntax Error, ERROR]
Error: DefaultError[Null check call on non-nullable: sys::Str r:true s:false n:false, Syntax Error, ERROR]
Error: DefaultError[Null check call on non-nullable: sys::Str r:true s:false n:false, Syntax Error, ERROR]
Error: DefaultError[Null check call on non-nullable: sys::Str r:true s:false n:false, Syntax Error, ERROR]
Error: DefaultError[Null check call on non-nullable: sys::Str r:true s:false n:false, Syntax Error, ERROR]
Error: DefaultError[Null check call on non-nullable: sys::Int r:true s:false n:false, Syntax Error, ERROR]
Error: DefaultError[Null check call on non-nullable: sys::Str r:true s:false n:false, Syntax Error, ERROR]
Error: DefaultError[Null check call on non-nullable: sys::Str r:true s:false n:false, Syntax Error, ERROR]
Error: DefaultError[Null check call on non-nullable: sys::Str r:true s:false n:false, Syntax Error, ERROR]
Error: DefaultError[Null check call on non-nullable: sys::Str r:true s:false n:false, Syntax Error, ERROR]
Error: DefaultError[Null check call on non-nullable: sys::Str r:true s:false n:false, Syntax Error, ERROR]
Error: DefaultError[Null check call on non-nullable: sys::Str r:true s:false n:false, Syntax Error, ERROR]
Error: DefaultError[Null check call on non-nullable: sys::Str r:true s:false n:false, Syntax Error, ERROR]
Error: DefaultError[Null check call on non-nullable: sys::Int r:true s:false n:false, Syntax Error, ERROR]
Error: DefaultError[Null check call on non-nullable: sys::Int r:true s:false n:false, Syntax Error, ERROR]
Error: DefaultError[Null check call on non-nullable: sys::Int r:true s:false n:false, Syntax Error, ERROR]
Error: DefaultError[Null check call on non-nullable: sys::Int r:true s:false n:false, Syntax Error, ERROR]
Error: DefaultError[Null check call on non-nullable: sys::Int r:true s:false n:false, Syntax Error, ERROR]
Error: DefaultError[Null check call on non-nullable: sys::Int r:true s:false n:false, Syntax Error, ERROR]
Error: DefaultError[Null check call on non-nullable: sys::Str r:true s:false n:false, Syntax Error, ERROR]
Error: DefaultError[Null check call on non-nullable: sys::Int r:true s:false n:false, Syntax Error, ERROR]
Error: DefaultError[Null check call on non-nullable: sys::Int r:true s:false n:false, Syntax Error, ERROR]
Error: DefaultError[Null check call on non-nullable: sys::Int r:true s:false n:false, Syntax Error, ERROR]
Error: DefaultError[Null check call on non-nullable: sys::Str r:true s:false n:false, Syntax Error, ERROR]
Error: DefaultError[Null check call on non-nullable: sys::Int r:true s:false n:false, Syntax Error, ERROR]
!! Semantic errors in /home/thibautc/fantom-1.0.52/src/testSys/fan/ExprTest.fan (Infos: ) -> FAILED !!
Error: DefaultError[Could not resolve item -> equals(ma), Syntax Error, ERROR]
Error: DefaultError[Could not resolve item -> equals(mb), Syntax Error, ERROR]
Error: DefaultError[Could not resolve item -> hash, Syntax Error, ERROR]
Error: DefaultError[Could not resolve item -> toStr, Syntax Error, ERROR]
!! Semantic errors in /home/thibautc/fantom-1.0.52/src/testSys/fan/ObjTest.fan (Infos: ) -> FAILED !!
Error: DefaultError[Could not resolve item -> toStr, Syntax Error, ERROR]
Error: DefaultError[Could not resolve item -> toStr, Syntax Error, ERROR]
Error: DefaultError[Could not resolve item -> .toStr, Syntax Error, ERROR]
!! Semantic errors in /home/thibautc/fantom-1.0.52/src/testSys/fan/MixinTest.fan (Infos: ) -> FAILED !!
Error: DefaultError[Could not resolve item -> defVal, Syntax Error, ERROR]
!! Semantic errors in /home/thibautc/fantom-1.0.52/src/testSys/fan/FacetsTest.fan (Infos: ) -> FAILED !!
Error: DefaultError[Can't call closure on null.Actor, Syntax Error, ERROR]
!! Semantic errors in /home/thibautc/fantom-1.0.52/src/testSys/fan/LocaleTest.fan (Infos: ) -> FAILED !!
Error: DefaultError[Can't call closure on null.Command, Syntax Error, ERROR]
!! Semantic errors in /home/thibautc/fantom-1.0.52/src/fwt/test/CommandTest.fan (Infos: ) -> FAILED !!
Error: DefaultError[Null check call on non-nullable: fwt::Widget r:true s:false n:false, Syntax Error, ERROR]
!! Semantic errors in /home/thibautc/fantom-1.0.52/src/fwt/fan/Command.fan (Infos: ) -> FAILED !!
Error: DefaultError[Could not resolve item -> push, Syntax Error, ERROR]
Error: DefaultError[Could not resolve item -> push, Syntax Error, ERROR]
!! Semantic errors in /home/thibautc/fantom-1.0.52/src/fwt/fan/Enums.fan (Infos: ) -> FAILED !!
Error: DefaultError[Could not resolve item -> typeof, Syntax Error, ERROR]
Error: DefaultError[Could not resolve item -> toStr, Syntax Error, ERROR]
Error: DefaultError[Could not resolve item -> typeof, Syntax Error, ERROR]
!! Semantic errors in /home/thibautc/fantom-1.0.52/src/compiler/fan/namespace/ReflectSlot.fan (Infos: ) -> FAILED !!
Error: DefaultError[Null check call on non-nullable: compiler::CParam r:true s:false n:false, Syntax Error, ERROR]
Error: DefaultError[Null check call on non-nullable: compiler::CType r:true s:false n:false, Syntax Error, ERROR]
Error: DefaultError[Null check call on non-nullable: compiler::CType r:true s:false n:false, Syntax Error, ERROR]
!! Semantic errors in /home/thibautc/fantom-1.0.52/src/compiler/fan/util/CallResolver.fan (Infos: ) -> FAILED !!
Error: DefaultError[Duplicated variable in scope: i, Syntax Error, ERROR]
Error: DefaultError[Duplicated variable in scope: i, Syntax Error, ERROR]
Error: DefaultError[Duplicated variable in scope: i, Syntax Error, ERROR]
Error: DefaultError[Duplicated variable in scope: i, Syntax Error, ERROR]
Error: DefaultError[Duplicated variable in scope: i, Syntax Error, ERROR]
Error: DefaultError[Duplicated variable in scope: i, Syntax Error, ERROR]
Error: DefaultError[Duplicated variable in scope: i, Syntax Error, ERROR]
Error: DefaultError[Duplicated variable in scope: i, Syntax Error, ERROR]
Error: DefaultError[Duplicated variable in scope: i, Syntax Error, ERROR]
Error: DefaultError[Duplicated variable in scope: i, Syntax Error, ERROR]
!! Semantic errors in /home/thibautc/fantom-1.0.52/src/compiler/fan/fcode/FCodePrinter.fan (Infos: ) -> FAILED !!
Error: DefaultError[Could not resolve item -> run(Env.cur.args), Syntax Error, ERROR]
!! Semantic errors in /home/thibautc/fantom-1.0.52/src/compiler/fan/fcode/Fanp.fan (Infos: ) -> FAILED !!
Error: DefaultError[Null check call on non-nullable: sys::Uri r:true s:false n:false, Syntax Error, ERROR]
Error: DefaultError[Null check call on non-nullable: compiler::TypeDef r:true s:false n:false, Syntax Error, ERROR]
Error: DefaultError[Null check call on non-nullable: compiler::TypeDef r:true s:false n:false, Syntax Error, ERROR]
Error: DefaultError[Index expression only valid on types with 'get' method-> i, Syntax Error, ERROR]
Error: DefaultError[Could not resolve item -> genericParams[i], Syntax Error, ERROR]
!! Semantic errors in /home/thibautc/fantom-1.0.52/src/compiler/fan/steps/CheckErrors.fan (Infos: ) -> FAILED !!
Error: DefaultError[Could not resolve item -> removeAt(i), Syntax Error, ERROR]
!! Semantic errors in /home/thibautc/fantom-1.0.52/src/compiler/fan/steps/ResolveImports.fan (Infos: ) -> FAILED !!
Error: DefaultError[Null check call on non-nullable: compiler::Stmt r:true s:false n:false, Syntax Error, ERROR]
!! Semantic errors in /home/thibautc/fantom-1.0.52/src/compiler/fan/ast/Stmt.fan (Infos: ) -> FAILED !!
Error: DefaultError[Could not resolve item -> typeof, Syntax Error, ERROR]
Error: DefaultError[Could not resolve item -> typeof, Syntax Error, ERROR]
!! Semantic errors in /home/thibautc/fantom-1.0.52/src/compiler/fan/ast/Expr.fan (Infos: ) -> FAILED !!
Error: DefaultError[Could not resolve item -> vals, Syntax Error, ERROR]
Error: DefaultError[Could not resolve item -> publicKeyword, Syntax Error, ERROR]
Error: DefaultError[Could not resolve item -> bang, Syntax Error, ERROR]
Error: DefaultError[Could not resolve item -> assign, Syntax Error, ERROR]
Error: DefaultError[Could not resolve item -> doubleAmp, Syntax Error, ERROR]
Error: DefaultError[Could not resolve item -> doublePipe, Syntax Error, ERROR]
Error: DefaultError[Could not resolve item -> same, Syntax Error, ERROR]
Error: DefaultError[Could not resolve item -> notSame, Syntax Error, ERROR]
Error: DefaultError[Could not resolve item -> elvis, Syntax Error, ERROR]
Error: DefaultError[Could not resolve item -> plus, Syntax Error, ERROR]
Error: DefaultError[Could not resolve item -> minus, Syntax Error, ERROR]
Error: DefaultError[Could not resolve item -> star, Syntax Error, ERROR]
Error: DefaultError[Could not resolve item -> slash, Syntax Error, ERROR]
Error: DefaultError[Could not resolve item -> percent, Syntax Error, ERROR]
Error: DefaultError[Could not resolve item -> increment, Syntax Error, ERROR]
Error: DefaultError[Could not resolve item -> decrement, Syntax Error, ERROR]
Error: DefaultError[Could not resolve item -> eq, Syntax Error, ERROR]
Error: DefaultError[Could not resolve item -> notEq, Syntax Error, ERROR]
Error: DefaultError[Could not resolve item -> cmp, Syntax Error, ERROR]
Error: DefaultError[Could not resolve item -> gt, Syntax Error, ERROR]
Error: DefaultError[Could not resolve item -> gtEq, Syntax Error, ERROR]
Error: DefaultError[Could not resolve item -> lt, Syntax Error, ERROR]
Error: DefaultError[Could not resolve item -> ltEq, Syntax Error, ERROR]
Error: DefaultError[Could not resolve item -> assignPlus, Syntax Error, ERROR]
Error: DefaultError[Could not resolve item -> assignMinus, Syntax Error, ERROR]
Error: DefaultError[Could not resolve item -> assignStar, Syntax Error, ERROR]
Error: DefaultError[Could not resolve item -> assignSlash, Syntax Error, ERROR]
Error: DefaultError[Could not resolve item -> assignPercent, Syntax Error, ERROR]
!! Semantic errors in /home/thibautc/fantom-1.0.52/src/compiler/fan/parser/Token.fan (Infos: ) -> FAILED !!
Error: DefaultError[Could not resolve item -> uri, Syntax Error, ERROR]
Error: DefaultError[Could not resolve item -> triple, Syntax Error, ERROR]
!! Semantic errors in /home/thibautc/fantom-1.0.52/src/compiler/fan/parser/Tokenizer.fan (Infos: ) -> FAILED !!
Error: DefaultError[Invalid Generic type for sys::List, Syntax Error, ERROR]
Error: DefaultError[Could not resolve item -> random, Syntax Error, ERROR]
Error: DefaultError[Could not resolve item -> .random, Syntax Error, ERROR]
!! Semantic errors in /home/thibautc/fantom-1.0.52/src/web/test/WebClientTest.fan (Infos: ) -> FAILED !!
Error: DefaultError[More inferred formals than expected., Syntax Error, ERROR]
Error: DefaultError[Couldn't resolve formal definition: |h, in|
Error: DefaultError[More inferred formals than expected., Syntax Error, ERROR]
Error: DefaultError[Couldn't resolve formal definition: |h, in|
Error: DefaultError[Could not resolve item -> h, Syntax Error, ERROR]
Error: DefaultError[Index expression only valid on types with 'get' method-> "Content-Disposition", Syntax Error, ERROR]
Error: DefaultError[Could not resolve item -> h["Content-Disposition"], Syntax Error, ERROR]
Error: DefaultError[Could not resolve item -> in, Syntax Error, ERROR]
Error: DefaultError[More inferred formals than expected., Syntax Error, ERROR]
Error: DefaultError[Couldn't resolve formal definition: |h, in|
Error: DefaultError[More inferred formals than expected., Syntax Error, ERROR]
Error: DefaultError[Couldn't resolve formal definition: |h, in|
Error: DefaultError[Could not resolve item -> in, Syntax Error, ERROR]
Error: DefaultError[Could not resolve item -> in, Syntax Error, ERROR]
Error: DefaultError[Could not resolve item -> in, Syntax Error, ERROR]
Error: DefaultError[Could not resolve item -> in, Syntax Error, ERROR]
Error: DefaultError[Could not resolve item -> in, Syntax Error, ERROR]
Error: DefaultError[Could not resolve item -> in, Syntax Error, ERROR]
Error: DefaultError[Could not resolve item -> in, Syntax Error, ERROR]
Error: DefaultError[More inferred formals than expected., Syntax Error, ERROR]
Error: DefaultError[Couldn't resolve formal definition: |h, in|
Error: DefaultError[More inferred formals than expected., Syntax Error, ERROR]
Error: DefaultError[Couldn't resolve formal definition: |h, in|
Error: DefaultError[Could not resolve item -> in, Syntax Error, ERROR]
Error: DefaultError[Could not resolve item -> in, Syntax Error, ERROR]
!! Semantic errors in /home/thibautc/fantom-1.0.52/src/web/test/UtilTest.fan (Infos: ) -> FAILED !!
Error: DefaultError[Invalid Generic type for sys::List, Syntax Error, ERROR]
!! Semantic errors in /home/thibautc/fantom-1.0.52/src/json/test/BrowserTest.fan (Infos: ) -> FAILED !!
Error: DefaultError[Invalid Generic type for sys::List, Syntax Error, ERROR]
!! Semantic errors in /home/thibautc/fantom-1.0.52/src/json/test/JsonTestCase.fan (Infos: ) -> FAILED !!
Error: DefaultError[Could not resolve item -> in, Syntax Error, ERROR]
Error: DefaultError[Could not resolve item -> .in, Syntax Error, ERROR]
Error: DefaultError[Invalid Generic type for sys::List, Syntax Error, ERROR]
!! Semantic errors in /home/thibautc/fantom-1.0.52/src/json/test/SimpleJsonTest.fan (Infos: ) -> FAILED !!
Error: DefaultError[Null check call on non-nullable: fandoc::DocNode[] r:true s:false n:false, Syntax Error, ERROR]
Error: DefaultError[Null check call on non-nullable: fandoc::DocNode r:true s:false n:false, Syntax Error, ERROR]
!! Semantic errors in /home/thibautc/fantom-1.0.52/src/docCompiler/fan/html/PodDocGenerator.fan (Infos: ) -> FAILED !!
Error: DefaultError[Could not resolve item -> typeof, Syntax Error, ERROR]
Error: DefaultError[Could not resolve item -> typeof, Syntax Error, ERROR]
Error: DefaultError[More inferred formals than expected., Syntax Error, ERROR]
Error: DefaultError[Couldn't resolve formal definition: |x| { compiler.uriMapper.map(x.qname, loc) }, Syntax Error, ERROR]
Error: DefaultError[Could not resolve item -> x, Syntax Error, ERROR]
Error: DefaultError[Could not resolve item -> toStr, Syntax Error, ERROR]
!! Semantic errors in /home/thibautc/fantom-1.0.52/src/docCompiler/fan/html/HtmlGenerator.fan (Infos: ) -> FAILED !!
Error: DefaultError[Null check call on non-nullable: fandoc::DocNode[] r:true s:false n:false, Syntax Error, ERROR]
!! Semantic errors in /home/thibautc/fantom-1.0.52/src/docCompiler/fan/html/FandocToHtmlGenerator.fan (Infos: ) -> FAILED !!
Error: DefaultError[Could not resolve item -> log, Syntax Error, ERROR]
Error: DefaultError[Could not resolve item -> .log, Syntax Error, ERROR]
!! Semantic errors in /home/thibautc/fantom-1.0.52/src/testCompiler/fan/CompilerTest.fan (Infos: ) -> FAILED !!
Error: DefaultError[Could not resolve item -> isScript, Syntax Error, ERROR]
Error: DefaultError[Could not resolve item -> .isScript, Syntax Error, ERROR]
Error: DefaultError[Could not resolve item -> depends, Syntax Error, ERROR]
Error: DefaultError[Could not resolve item -> .depends, Syntax Error, ERROR]
Error: DefaultError[Could not resolve item -> log, Syntax Error, ERROR]
Error: DefaultError[Could not resolve item -> .log, Syntax Error, ERROR]
Error: DefaultError[Could not resolve item -> isScript, Syntax Error, ERROR]
Error: DefaultError[Could not resolve item -> .isScript, Syntax Error, ERROR]
Error: DefaultError[Could not resolve item -> log, Syntax Error, ERROR]
Error: DefaultError[Could not resolve item -> .log, Syntax Error, ERROR]
Error: DefaultError[Could not resolve item -> isScript, Syntax Error, ERROR]
Error: DefaultError[Could not resolve item -> .isScript, Syntax Error, ERROR]
Error: DefaultError[Could not resolve item -> isScript, Syntax Error, ERROR]
Error: DefaultError[Could not resolve item -> .isScript, Syntax Error, ERROR]
Error: DefaultError[Could not resolve item -> depends, Syntax Error, ERROR]
Error: DefaultError[Could not resolve item -> .depends, Syntax Error, ERROR]
Error: DefaultError[Could not resolve item -> resDirs, Syntax Error, ERROR]
!! Semantic errors in /home/thibautc/fantom-1.0.52/src/testCompiler/fan/NamespaceTest.fan (Infos: ) -> FAILED !!
Error: DefaultError[Could not resolve item -> defVal, Syntax Error, ERROR]
!! Semantic errors in /home/thibautc/fantom-1.0.52/src/testCompiler/fan/FacetTest.fan (Infos: ) -> FAILED !!
Error: DefaultError[Can't call closure on null.each, Syntax Error, ERROR]
Error: DefaultError[Could not resolve item -> each |Str v, Str k| { sout.print(k).print(": ").print(v).print("\r\n") }, Syntax Error, ERROR]
Error: DefaultError[Could not resolve item -> .each |Str v, Str k| { sout.print(k).print(": ").print(v).print("\r\n") }, Syntax Error, ERROR]
Error: DefaultError[Can't call closure on null.each, Syntax Error, ERROR]
Error: DefaultError[Could not resolve item -> each |Cookie c| { sout.print("Set-Cookie: ").print(c).print("\r\n") }, Syntax Error, ERROR]
Error: DefaultError[Could not resolve item -> .each |Cookie c| { sout.print("Set-Cookie: ").print(c).print("\r\n") }, Syntax Error, ERROR]
!! Semantic errors in /home/thibautc/fantom-1.0.52/src/wisp/fan/WispRes.fan (Infos: ) -> FAILED !!
Error: DefaultError[Can't call closure on null.Actor, Syntax Error, ERROR]
!! Semantic errors in /home/thibautc/fantom-1.0.52/src/wisp/fan/WispService.fan (Infos: ) -> FAILED !!
Error: DefaultError[More inferred formals than expected., Syntax Error, ERROR]
Error: DefaultError[Couldn't resolve formal definition: |s| { Int.fromStr(s, 10, false) }, Syntax Error, ERROR]
Error: DefaultError[Could not resolve item -> s, Syntax Error, ERROR]
Error: DefaultError[More inferred formals than expected., Syntax Error, ERROR]
Error: DefaultError[Couldn't resolve formal definition: |s| { Border.styleFromStr(s, false) }, Syntax Error, ERROR]
Error: DefaultError[Could not resolve item -> s, Syntax Error, ERROR]
Error: DefaultError[More inferred formals than expected., Syntax Error, ERROR]
Error: DefaultError[Couldn't resolve formal definition: |s| { Color.fromStr(s, false) }, Syntax Error, ERROR]
Error: DefaultError[Could not resolve item -> s, Syntax Error, ERROR]
Error: DefaultError[More inferred formals than expected., Syntax Error, ERROR]
Error: DefaultError[Couldn't resolve formal definition: |s| { Int.fromStr(s, 10, false) }, Syntax Error, ERROR]
Error: DefaultError[Could not resolve item -> s, Syntax Error, ERROR]
!! Semantic errors in /home/thibautc/fantom-1.0.52/src/gfx/fan/Border.fan (Infos: ) -> FAILED !!